# vim: ft=hyprlang


# a submap for easily controling media/volume
bind = $submap, M, submap, media

# ------------------------------------ #
submap = media

bind = , Space, exec, playerctl play-pause
binde = , L,exec, playerctl position +5
binde = , H,exec, playerctl position -5

binde = SHIFT, L,exec, playerctl next
binde = SHIFT, H,exec, playerctl previous


binde = , K, exec, ~/.config/hypr/scripts/audio_popup.sh DEFAULT_SINK raise 3
binde = , J, exec, ~/.config/hypr/scripts/audio_popup.sh DEFAULT_SINK lower 3

# cycle between sources/sinks
# output
bind = , N, exec, ~/.config/zsh/scripts/pacycle sink next; ~/.config/hypr/scripts/audio_popup.sh DEFAULT_SINK
bind = SHIFT, N, exec, ~/.config/zsh/scripts/pacycle sink prev; ~/.config/hypr/scripts/audio_popup.sh DEFAULT_SINK

# input
bind = ALT, N, exec, ~/.config/zsh/scripts/pacycle source next; ~/.config/hypr/scripts/audio_popup.sh DEFAULT_SOURCE
bind = ALT SHIFT, N, exec, ~/.config/zsh/scripts/pacycle source prev; ~/.config/hypr/scripts/audio_popup.sh DEFAULT_SOURCE

binde = ALT, K, exec, ~/.config/hypr/scripts/audio_popup.sh DEFAULT_SOURCE raise 3
binde = ALT, J, exec, ~/.config/hypr/scripts/audio_popup.sh DEFAULT_SOURCE lower 3

binde = SHIFT, K, exec, ~/.config/hypr/scripts/audio_popup.sh DEFAULT_SINK raise 10
binde = SHIFT, J, exec, ~/.config/hypr/scripts/audio_popup.sh DEFAULT_SINK lower 10

bind = , M, exec, ~/.config/hypr/scripts/audio_popup.sh DEFAULT_SINK mute
bind = , I, exec, ~/.config/hypr/scripts/audio_popup.sh DEFAULT_SINK mute

# mute the active window, uses the pid
bind = SHIFT, M, exec, ~/.config/zsh/scripts/mute_active_window

bind = , S, exec, ~/.local/bin/eww_settings.sh audio
bind = , S, submap, reset

bindl  = ,        XF86AudioMute, exec, ~/.config/hypr/scripts/audio_popup.sh DEFAULT_SINK mute
bindl  =   SHIFT, XF86AudioMute, exec, ~/.config/hypr/scripts/audio_popup.sh DEFAULT_SOURCE mute
bindl  = ,     XF86AudioMicMute, exec, ~/.config/hypr/scripts/audio_popup.sh DEFAULT_SOURCE mute
bindle = , XF86AudioRaiseVolume, exec, ~/.config/hypr/scripts/audio_popup.sh DEFAULT_SINK raise 3
bindle = , XF86AudioLowerVolume, exec, ~/.config/hypr/scripts/audio_popup.sh DEFAULT_SINK lower 3
bindle = SHIFT, XF86AudioRaiseVolume, exec, ~/.config/hypr/scripts/audio_popup.sh DEFAULT_SOURCE raise 3
bindle = SHIFT, XF86AudioLowerVolume, exec, ~/.config/hypr/scripts/audio_popup.sh DEFAULT_SOURCE lower 3
bind = , Escape, submap, reset
bind = $submap, M, submap, reset

submap = reset
# ------------------------------------ #


