# vim: ft=hyprlang


bind = $submapLeader, M, submap, media

# ------------------------------------ #
submap = media

bind = , Space, exec, playerctl play-pause
binde = , L,exec, playerctl position +5
binde = , H,exec, playerctl position -5

binde = Shift, L,exec, playerctl next
binde = Shift, H,exec, playerctl previous


binde = , K, exec, ~/.config/eww/shell/popups/bin/open_popup.sh out audio raise 3 DEFAULT_SINK
binde = , J, exec, ~/.config/eww/shell/popups/bin/open_popup.sh out audio lower 3 DEFAULT_SINK

bind = , N, exec, ~/.config/zsh/scripts/pacycle sink next; ~/.config/eww/settings/bin/sinks_sources.sh upd_active sinks; ~/.config/eww/shell/popups/bin/open_popup.sh out audio
bind = SHIFT, N, exec, ~/.config/zsh/scripts/pacycle sink prev; ~/.config/eww/settings/bin/sinks_sources.sh upd_active sinks; ~/.config/eww/shell/popups/bin/open_popup.sh out audio

bind = ALT, N, exec, ~/.config/zsh/scripts/pacycle source next; ~/.config/eww/settings/bin/sinks_sources.sh upd_active sources; ~/.config/eww/shell/popups/bin/open_popup.sh in audio
bind = ALT SHIFT, N, exec, ~/.config/zsh/scripts/pacycle source prev; ~/.config/eww/settings/bin/sinks_sources.sh upd_active sources; ~/.config/eww/shell/popups/bin/open_popup.sh in audio

binde = ALT, K, exec, ~/.config/eww/shell/popups/bin/open_popup.sh in audio raise 3 DEFAULT_SOURCE
binde = ALT, J, exec, ~/.config/eww/shell/popups/bin/open_popup.sh in audio lower 3 DEFAULT_SOURCE

binde = SHIFT, K, exec, ~/.config/eww/shell/popups/bin/open_popup.sh out audio raise 10 DEFAULT_SINK
binde = SHIFT, J, exec, ~/.config/eww/shell/popups/bin/open_popup.sh out audio lower 10 DEFAULT_SINK

bind = , M, exec, ~/.config/eww/shell/popups/bin/open_popup.sh out audio mute DEFAULT_SINK
bind = , I, exec, ~/.config/eww/shell/popups/bin/open_popup.sh in audio mute DEFAULT_SOURCE

bind = , S, exec, ~/.local/bin/eww_settings.sh audio
bind = , S, submap, reset


bind = , Escape, submap, reset
bind = $submapLeader, M, submap, reset

submap = reset
# ------------------------------------ #


