# vim: ft=hyprlang


bind = $submapLeader, W, submap, window

$resizeUnit = 32

# ------------------------------------ #
submap = window

# State Stuff ------------------------ #

bind = , F, fullscreen, 0
bind = , M, fullscreen, 1
bind = , V, togglefloating
bind = , P, pin
bind = , Q, killactive
bind = , delete, killactive

# Growing, hacky, i know ------------- #

# bind = , right, resizeactive,  $resizeUnit 0 
# bind = , left,  resizeactive, $resizeUnit 0
# bind = , left,  moveactive, -$resizeUnit 0
# bind = , up,    resizeactive, 0 $resizeUnit
# bind = , up,    moveactive,    0 -$resizeUnit
# bind = , down,  resizeactive,   0 $resizeUnit

# Shrinking -------------------------- #

# bind = Shift, right, resizeactive,  -$resizeUnit 0 
# bind = Shift, right,  moveactive,  $resizeUnit 0
# bind = Shift, left,  resizeactive, -$resizeUnit 0
# bind = Shift, up,    resizeactive, 0 -$resizeUnit
# bind = Shift, down,  resizeactive,   0 -$resizeUnit
# bind = Shift, down,    moveactive,    0 $resizeUnit

bind = Alt, L, resizeactive,  -$resizeUnit 0 
bind = Alt, L,  moveactive,  $resizeUnit 0
bind = Alt, H,  resizeactive, -$resizeUnit 0
bind = Alt, K,    resizeactive, 0 -$resizeUnit
bind = Alt, J,  resizeactive,   0 -$resizeUnit
bind = Alt, J,    moveactive,    0 $resizeUnit

bind = Shift, L, resizeactive,  $resizeUnit 0 
bind = Shift, H,  resizeactive, $resizeUnit 0
bind = Shift, H,  moveactive, -$resizeUnit 0
bind = Shift, K,    resizeactive, 0 $resizeUnit
bind = Shift, K,    moveactive,    0 -$resizeUnit
bind = Shift, J,  resizeactive,   0 $resizeUnit
# Moving ----------------------------- #

binde = , H, moveactive, -$resizeUnit 0
binde = , J, moveactive, 0 $resizeUnit
binde = , K, moveactive, 0 -$resizeUnit 
binde = , L, moveactive, $resizeUnit 0

binde = , left, moveactive, -$resizeUnit 0
binde = , down, moveactive, 0 $resizeUnit
binde = , up, moveactive, 0 -$resizeUnit 
binde = , right, moveactive, $resizeUnit 0

bind = , Escape, submap, reset
bind = $submapLeader, W, submap, reset

bind = , T, exec, kitty
bind = , E, exec, nautilus -w

submap = reset
# ------------------------------------ #
