# vim: ft=hyprlang


bind = $submapLeader, W, submap, window

$resizeUnit = 64

# ------------------------------------ #
submap = window

# State Stuff ------------------------ #

bind = , F, fullscreen, 0
bind = , M, fullscreen, 1
bind = , V, togglefloating
bind = , P, pin
bind = , D, killactive
bind = , delete, killactive

# Moving, resizing, etc

bind = , H, movefocus, l
bind = , J, movefocus, d
bind = , K, movefocus, u
bind = , L, movefocus, r

bind = SHIFT, H, movewindow, l
bind = SHIFT, J, movewindow, d
bind = SHIFT, K, movewindow, u
bind = SHIFT, L, movewindow, r

binde = ALT, H, moveactive, -$resizeUnit 0
binde = ALT, J, moveactive, 0 $resizeUnit
binde = ALT, K, moveactive, 0 -$resizeUnit
binde = ALT, L, moveactive, $resizeUnit 0

bind = CONTROL, H, swapwindow, l
bind = CONTROL, J, swapwindow, d
bind = CONTROL, K, swapwindow, u
bind = CONTROL, L, swapwindow, r

binde = SUPER, H, resizeactive, -$resizeUnit 0
binde = SUPER, J, resizeactive, 0 $resizeUnit
binde = SUPER, K, resizeactive, 0 -$resizeUnit
binde = SUPER, L, resizeactive, $resizeUnit 0

# reuse these for master and dwindle
bind = , bracketleft, layoutmsg, addmaster
bind = , bracketright, layoutmsg, removemaster

bind = , bracketleft, layoutmsg, togglesplit
bind = , bracketright, layoutmsg, swapsplit

bind = , 1, movetoworkspace, 1
bind = , 2, movetoworkspace, 2
bind = , 3, movetoworkspace, 3
bind = , 4, movetoworkspace, 4
bind = , 5, movetoworkspace, 5
bind = , 6, movetoworkspace, 6
bind = , 7, movetoworkspace, 7
bind = , 8, movetoworkspace, 8
bind = , 9, movetoworkspace, 9
bind = , 0, movetoworkspace, 10
bind = , code:49, movetoworkspace, name:main

binde = , N, cyclenext

bind = , Escape, submap, reset
bind = , Q, submap, reset
bind = $submapLeader, W, submap, reset

submap = reset
# ------------------------------------ #
