# vim: ft=hyprlang


bind = $submapLeader, Space,  submap, workspace
bind = $submapLeader, Escape, submap, workspace

# ------------------------------------ #
submap = workspace

# Numbered Workspaces ---------------- #

bind = , J, workspace, -1
bind = , K, workspace, +1

bind = , H, workspace, m-1
bind = , L, workspace, m+1

bind = SHIFT, J, movetoworkspace, -1
bind = SHIFT, K, movetoworkspace, +1

bind = SHIFT, H, movetoworkspace, m-1
bind = SHIFT, L, movetoworkspace, m+1


bind = , code:49, workspace, name:main
bind = , 1, workspace, 1
bind = , 2, workspace, 2
bind = , 3, workspace, 3
bind = , 4, workspace, 4
bind = , 5, workspace, 5
bind = , 6, workspace, 6
bind = , 7, workspace, 7
bind = , 8, workspace, 8
bind = , 9, workspace, 9
bind = , 0, workspace, 10

bind = SHIFT, code:49, movetoworkspace, name:main
bind = SHIFT, 1, movetoworkspace, 1
bind = SHIFT, 2, movetoworkspace, 2
bind = SHIFT, 3, movetoworkspace, 3
bind = SHIFT, 4, movetoworkspace, 4
bind = SHIFT, 5, movetoworkspace, 5
bind = SHIFT, 6, movetoworkspace, 6
bind = SHIFT, 7, movetoworkspace, 7
bind = SHIFT, 8, movetoworkspace, 8
bind = SHIFT, 9, movetoworkspace, 9
bind = SHIFT, 0, movetoworkspace, 10

# Named Workspaces ------------------- #

bind = , Space, workspace, name:main
bind = , G,     workspace, name:games
bind = , V,     workspace, name:srv

bind = SHIFT, Space, movetoworkspace, name:main
bind = SHIFT, G,     movetoworkspace, name:games
bind = SHIFT, V,     movetoworkspace, name:srv

# Special Workspaces ----------------- #

bind = ALT, 1, togglespecialworkspace, 1
bind = ALT, 2, togglespecialworkspace, 2
bind = ALT, 3, togglespecialworkspace, 3

bind = SHIFT ALT, 1, movetoworkspace, special 1
bind = SHIFT ALT, 2, movetoworkspace, special 2
bind = SHIFT ALT, 3, movetoworkspace, special 3

bind = , slash, exec, killal rofi||~/.config/rofi/applets/window/run.sh
bind = , slash, submap, reset

bind = , Escape, submap, reset
bind = $submapLeader, Space, submap, reset
bind = $submapLeader, Escape, submap, reset

submap = reset
# ------------------------------------ #

