# vim: ft=hyprlang


bind = $submap, Space,  submap, workspace

# ------------------------------------ #
submap = workspace

# Numbered Workspaces ---------------- #

bind = , J, workspace, -1
bind = , K, workspace, +1

bind = , H, workspace, m-1
bind = , L, workspace, m+1

bind = SHIFT, J, movetoworkspace, -1
bind = SHIFT, K, movetoworkspace, +1

bind = SHIFT, H, movetoworkspace, m-1
bind = SHIFT, L, movetoworkspace, m+1


bind = , code:49, workspace, name:main
bind = , 1, workspace, 1
bind = , 2, workspace, 2
bind = , 3, workspace, 3
bind = , 4, workspace, 4
bind = , 5, workspace, 5
bind = , 6, workspace, 6
bind = , 7, workspace, 7
bind = , 8, workspace, 8
bind = , 9, workspace, 9
bind = , 0, workspace, 10

bind = SHIFT, code:49, movetoworkspacesilent, name:main
bind = SHIFT, 1, movetoworkspacesilent, 1
bind = SHIFT, 2, movetoworkspacesilent, 2
bind = SHIFT, 3, movetoworkspacesilent, 3
bind = SHIFT, 4, movetoworkspacesilent, 4
bind = SHIFT, 5, movetoworkspacesilent, 5
bind = SHIFT, 6, movetoworkspacesilent, 6
bind = SHIFT, 7, movetoworkspacesilent, 7
bind = SHIFT, 8, movetoworkspacesilent, 8
bind = SHIFT, 9, movetoworkspacesilent, 9
bind = SHIFT, 0, movetoworkspacesilent, 10

# Named Workspaces ------------------- #

bind = , Space, workspace, name:main
bind = , G,     workspace, name:games
bind = , V,     workspace, name:srv
bind = , M, togglespecialworkspace, 3

bind = SHIFT, Space, movetoworkspacesilent, name:main
bind = SHIFT, G,     movetoworkspacesilent, name:games
bind = SHIFT, V,     movetoworkspacesilent, name:srv
bind = SHIFT, M,     movetoworkspacesilent, special:3

# Special Workspaces ----------------- #

bind = ALT, 1, togglespecialworkspace, 1
bind = ALT, 2, togglespecialworkspace, 2
bind = ALT, 3, togglespecialworkspace, 3

bind = SHIFT ALT, 1, movetoworkspace, special 1
bind = SHIFT ALT, 2, movetoworkspace, special 2
bind = SHIFT ALT, 3, movetoworkspace, special 3

bind = , slash, exec, killal rofi||~/.config/rofi/applets/window/run.sh
bind = , slash, submap, reset

bind = , Escape, submap, reset
bind = $submap, Space, submap, reset

submap = reset
# ------------------------------------ #
